Component: ARM Compiler 5.05 update 1 (build 106) Tool: armlink [4d0efa]

==============================================================================

Section Cross References

    stm32f10x_it.o(.text) refers to usart.o(.text) for UsartPrintf
    system_stm32f10x.o(.text) refers to system_stm32f10x.o(.data) for SystemCoreClock
    startup_stm32f10x_md.o(STACK) refers (Special) to heapauxi.o(.text) for __use_two_region_memory
    startup_stm32f10x_md.o(HEAP) refers (Special) to heapauxi.o(.text) for __use_two_region_memory
    startup_stm32f10x_md.o(RESET) refers (Special) to heapauxi.o(.text) for __use_two_region_memory
    startup_stm32f10x_md.o(RESET) refers to startup_stm32f10x_md.o(STACK) for __initial_sp
    startup_stm32f10x_md.o(RESET) refers to startup_stm32f10x_md.o(.text) for Reset_Handler
    startup_stm32f10x_md.o(RESET) refers to stm32f10x_it.o(.text) for NMI_Handler
    startup_stm32f10x_md.o(RESET) refers to key.o(.text) for EXTI1_IRQHandler
    startup_stm32f10x_md.o(RESET) refers to usart.o(.text) for USART1_IRQHandler
    startup_stm32f10x_md.o(RESET) refers to esp8266.o(.text) for USART2_IRQHandler
    startup_stm32f10x_md.o(.text) refers (Special) to heapauxi.o(.text) for __use_two_region_memory
    startup_stm32f10x_md.o(.text) refers to system_stm32f10x.o(.text) for SystemInit
    startup_stm32f10x_md.o(.text) refers to __main.o(!!!main) for __main
    startup_stm32f10x_md.o(.text) refers to startup_stm32f10x_md.o(HEAP) for Heap_Mem
    startup_stm32f10x_md.o(.text) refers to startup_stm32f10x_md.o(STACK) for Stack_Mem
    stm32f10x_gpio.o(.text) refers to stm32f10x_rcc.o(.text) for RCC_APB2PeriphResetCmd
    stm32f10x_rcc.o(.text) refers to stm32f10x_rcc.o(.data) for APBAHBPrescTable
    stm32f10x_usart.o(.text) refers to stm32f10x_rcc.o(.text) for RCC_APB2PeriphResetCmd
    delay.o(.text) refers to delay.o(.data) for UsCount
    usart.o(.text) refers to stm32f10x_rcc.o(.text) for RCC_APB2PeriphClockCmd
    usart.o(.text) refers to stm32f10x_gpio.o(.text) for GPIO_Init
    usart.o(.text) refers to stm32f10x_usart.o(.text) for USART_Init
    usart.o(.text) refers to misc.o(.text) for NVIC_Init
    usart.o(.text) refers to c89vsnprintf.o(.text) for __c89vsnprintf
    led.o(.text) refers to stm32f10x_gpio.o(.text) for GPIO_WriteBit
    led.o(.text) refers to stm32f10x_rcc.o(.text) for RCC_APB2PeriphClockCmd
    led.o(.text) refers to led.o(.data) for led_info
    key.o(.text) refers to stm32f10x_rcc.o(.text) for RCC_APB2PeriphClockCmd
    key.o(.text) refers to stm32f10x_gpio.o(.text) for GPIO_Init
    key.o(.text) refers to stm32f10x_exti.o(.text) for EXTI_Init
    key.o(.text) refers to misc.o(.text) for NVIC_Init
    key.o(.text) refers to delay.o(.text) for DelayXms
    key.o(.text) refers to led.o(.text) for Led_Set
    key.o(.text) refers to led.o(.data) for led_info
    dht11.o(.text) refers to stm32f10x_gpio.o(.text) for GPIO_WriteBit
    dht11.o(.text) refers to delay.o(.text) for DelayXms
    dht11.o(.text) refers to stm32f10x_rcc.o(.text) for RCC_APB2PeriphClockCmd
    main.o(.text) refers to _printf_pad.o(.text) for _printf_pre_padding
    main.o(.text) refers to _printf_percent.o(.ARM.Collect$$_printf_percent$$00000000) for _printf_percent
    main.o(.text) refers to _printf_d.o(.ARM.Collect$$_printf_percent$$00000009) for _printf_d
    main.o(.text) refers to _printf_dec.o(.text) for _printf_int_dec
    main.o(.text) refers to __2sprintf.o(.text) for __2sprintf
    main.o(.text) refers to oled.o(.text) for OLED_ShowString
    main.o(.text) refers to misc.o(.text) for NVIC_PriorityGroupConfig
    main.o(.text) refers to delay.o(.text) for Delay_Init
    main.o(.text) refers to usart.o(.text) for Usart1_Init
    main.o(.text) refers to key.o(.text) for Key_Init
    main.o(.text) refers to led.o(.text) for Led_Init
    main.o(.text) refers to dht11.o(.text) for DHT11_Init
    main.o(.text) refers to esp8266.o(.text) for ESP8266_Init
    main.o(.text) refers to onenet.o(.text) for OneNet_DevLink
    main.o(.text) refers to main.o(.data) for temp
    main.o(.text) refers to led.o(.data) for led_info
    onenet.o(.text) refers to _printf_percent.o(.ARM.Collect$$_printf_percent$$00000000) for _printf_percent
    onenet.o(.text) refers to _printf_d.o(.ARM.Collect$$_printf_percent$$00000009) for _printf_d
    onenet.o(.text) refers to _printf_s.o(.ARM.Collect$$_printf_percent$$00000014) for _printf_s
    onenet.o(.text) refers to _printf_dec.o(.text) for _printf_int_dec
    onenet.o(.text) refers to _printf_str.o(.text) for _printf_str
    onenet.o(.text) refers to _scanf_int.o(.text) for _scanf_int
    onenet.o(.text) refers to _scanf_str.o(.text) for _scanf_string
    onenet.o(.text) refers to strlen.o(.text) for strlen
    onenet.o(.text) refers to strcat.o(.text) for strcat
    onenet.o(.text) refers to rt_memclr_w.o(.text) for __aeabi_memclr4
[...]
    _scanf_wctomb                             - Undefined Weak Reference
    _scanf_wstring                            - Undefined Weak Reference
    _signal_finish                            - Undefined Weak Reference
    _signal_init                              - Undefined Weak Reference
    _terminateio                              - Undefined Weak Reference
    __Vectors_Size                           0x000000ec   Number         0  startup_stm32f10x_md.o ABSOLUTE
    __Vectors                                0x08000000   Data           4  startup_stm32f10x_md.o(RESET)
    __Vectors_End                            0x080000ec   Data           0  startup_stm32f10x_md.o(RESET)
    __main                                   0x080000ed   Thumb Code     8  __main.o(!!!main)
    __scatterload                            0x080000f5   Thumb Code     0  __scatter.o(!!!scatter)
    __scatterload_rt2                        0x080000f5   Thumb Code    44  __scatter.o(!!!scatter)
    __scatterload_rt2_thumb_only             0x080000f5   Thumb Code     0  __scatter.o(!!!scatter)
    __scatterload_null                       0x08000103   Thumb Code     0  __scatter.o(!!!scatter)
    __decompress                             0x08000129   Thumb Code    90  __dczerorl2.o(!!dczerorl2)
    __decompress1                            0x08000129   Thumb Code     0  __dczerorl2.o(!!dczerorl2)
    __scatterload_zeroinit                   0x08000185   Thumb Code    28  __scatter_zi.o(!!handler_zi)
    _printf_n                                0x080001a1   Thumb Code     0  _printf_n.o(.ARM.Collect$$_printf_percent$$00000001)
    _printf_percent                          0x080001a1   Thumb Code     0  _printf_percent.o(.ARM.Collect$$_printf_percent$$00000000)
    _printf_p                                0x080001a7   Thumb Code     0  _printf_p.o(.ARM.Collect$$_printf_percent$$00000002)
    _printf_f                                0x080001ad   Thumb Code     0  _printf_f.o(.ARM.Collect$$_printf_percent$$00000003)
    _printf_e                                0x080001b3   Thumb Code     0  _printf_e.o(.ARM.Collect$$_printf_percent$$00000004)
    _printf_g                                0x080001b9   Thumb Code     0  _printf_g.o(.ARM.Collect$$_printf_percent$$00000005)
    _printf_a                                0x080001bf   Thumb Code     0  _printf_a.o(.ARM.Collect$$_printf_percent$$00000006)
    _printf_ll                               0x080001c5   Thumb Code     0  _printf_ll.o(.ARM.Collect$$_printf_percent$$00000007)
    _printf_i                                0x080001cf   Thumb Code     0  _printf_i.o(.ARM.Collect$$_printf_percent$$00000008)
    _printf_d                                0x080001d5   Thumb Code     0  _printf_d.o(.ARM.Collect$$_printf_percent$$00000009)
    _printf_u                                0x080001db   Thumb Code     0  _printf_u.o(.ARM.Collect$$_printf_percent$$0000000A)
    _printf_o                                0x080001e1   Thumb Code     0  _printf_o.o(.ARM.Collect$$_printf_percent$$0000000B)
    _printf_x                                0x080001e7   Thumb Code     0  _printf_x.o(.ARM.Collect$$_printf_percent$$0000000C)
    _printf_lli                              0x080001ed   Thumb Code     0  _printf_lli.o(.ARM.Collect$$_printf_percent$$0000000D)
    _printf_lld                              0x080001f3   Thumb Code     0  _printf_lld.o(.ARM.Collect$$_printf_percent$$0000000E)
    _printf_llu                              0x080001f9   Thumb Code     0  _printf_llu.o(.ARM.Collect$$_printf_percent$$0000000F)
    _printf_llo                              0x080001ff   Thumb Code     0  _printf_llo.o(.ARM.Collect$$_printf_percent$$00000010)
    _printf_llx                              0x08000205   Thumb Code     0  _printf_llx.o(.ARM.Collect$$_printf_percent$$00000011)
    _printf_l                                0x0800020b   Thumb Code     0  _printf_l.o(.ARM.Collect$$_printf_percent$$00000012)
    _printf_c                                0x08000215   Thumb Code     0  _printf_c.o(.ARM.Collect$$_printf_percent$$00000013)
    _printf_s                                0x0800021b   Thumb Code     0  _printf_s.o(.ARM.Collect$$_printf_percent$$00000014)
    _printf_lc                               0x08000221   Thumb Code     0  _printf_lc.o(.ARM.Collect$$_printf_percent$$00000015)
    _printf_ls                               0x08000227   Thumb Code     0  _printf_ls.o(.ARM.Collect$$_printf_percent$$00000016)
    _printf_percent_end                      0x0800022d   Thumb Code     0  _printf_percent_end.o(.ARM.Collect$$_printf_percent$$00000017)
    __rt_lib_init                            0x08000231   Thumb Code     0  libinit.o(.ARM.Collect$$libinit$$00000000)
    __rt_lib_init_fp_1                       0x08000233   Thumb Code     0  libinit2.o(.ARM.Collect$$libinit$$00000002)
    __rt_lib_init_heap_2                     0x08000233   Thumb Code     0  libinit2.o(.ARM.Collect$$libinit$$00000005)
    __rt_lib_init_preinit_1                  0x08000233   Thumb Code     0  libinit2.o(.ARM.Collect$$libinit$$00000004)
    __rt_lib_init_heap_1                     0x0800023b   Thumb Code     0  libinit2.o(.ARM.Collect$$libinit$$0000000A)
    __rt_lib_init_lc_common                  0x0800023b   Thumb Code     0  libinit2.o(.ARM.Collect$$libinit$$0000000F)
    __rt_lib_init_rand_1                     0x0800023b   Thumb Code     0  libinit2.o(.ARM.Collect$$libinit$$0000000E)
    __rt_lib_init_user_alloc_1               0x0800023b   Thumb Code     0  libinit2.o(.ARM.Collect$$libinit$$0000000C)
    __rt_lib_init_lc_collate_1               0x08000241   Thumb Code     0  libinit2.o(.ARM.Collect$$libinit$$00000011)
    __rt_lib_init_lc_ctype_2                 0x08000241   Thumb Code     0  libinit2.o(.ARM.Collect$$libinit$$00000012)
    __rt_lib_init_lc_ctype_1                 0x0800024d   Thumb Code     0  libinit2.o(.ARM.Collect$$libinit$$00000013)
    __rt_lib_init_lc_monetary_1              0x0800024d   Thumb Code     0  libinit2.o(.ARM.Collect$$libinit$$00000015)
    __rt_lib_init_lc_numeric_2               0x0800024d   Thumb Code     0  libinit2.o(.ARM.Collect$$libinit$$00000016)
    __rt_lib_init_alloca_1                   0x08000257   Thumb Code     0  libinit2.o(.ARM.Collect$$libinit$$0000002E)
    __rt_lib_init_argv_1                     0x08000257   Thumb Code     0  libinit2.o(.ARM.Collect$$libinit$$0000002C)
    __rt_lib_init_atexit_1                   0x08000257   Thumb Code     0  libinit2.o(.ARM.Collect$$libinit$$0000001B)
    __rt_lib_init_clock_1                    0x08000257   Thumb Code     0  libinit2.o(.ARM.Collect$$libinit$$00000021)
    __rt_lib_init_cpp_1                      0x08000257   Thumb Code     0  libinit2.o(.ARM.Collect$$libinit$$00000032)
    __rt_lib_init_exceptions_1               0x08000257   Thumb Code     0  libinit2.o(.ARM.Collect$$libinit$$00000030)
    __rt_lib_init_fp_trap_1                  0x08000257   Thumb Code     0  libinit2.o(.ARM.Collect$$libinit$$0000001F)
    __rt_lib_init_getenv_1                   0x08000257   Thumb Code     0  libinit2.o(.ARM.Collect$$libinit$$00000023)
    __rt_lib_init_lc_numeric_1               0x08000257   Thumb Code     0  libinit2.o(.ARM.Collect$$libinit$$00000017)
    __rt_lib_init_lc_time_1                  0x08000257   Thumb Code     0  libinit2.o(.ARM.Collect$$libinit$$00000019)
    __rt_lib_init_return                     0x08000257   Thumb Code     0  libinit2.o(.ARM.Collect$$libinit$$00000033)
    __rt_lib_init_signal_1                   0x08000257   Thumb Code     0  libinit2.o(.ARM.Collect$$libinit$$0000001D)
    __rt_lib_init_stdio_1                    0x08000257   Thumb Code     0  libinit2.o(.ARM.Collect$$libinit$$00000025)
    __rt_lib_shutdown                        0x08000259   Thumb Code     0  libshutdown.o(.ARM.Collect$$libshutdown$$00000000)
    __rt_lib_shutdown_fp_trap_1              0x0800025b   Thumb Code     0  libshutdown2.o(.ARM.Collect$$libshutdown$$00000006)
    __rt_lib_shutdown_heap_1                 0x0800025b   Thumb Code     0  libshutdown2.o(.ARM.Collect$$libshutdown$$0000000E)
    __rt_lib_shutdown_return                 0x0800025b   Thumb Code     0  libshutdown2.o(.ARM.Collect$$libshutdown$$0000000F)
    __rt_lib_shutdown_signal_1               0x0800025b   Thumb Code     0  libshutdown2.o(.ARM.Collect$$libshutdown$$00000009)
    __rt_lib_shutdown_stdio_1                0x0800025b   Thumb Code     0  libshutdown2.o(.ARM.Collect$$libshutdown$$00000003)
    __rt_lib_shutdown_user_alloc_1           0x0800025b   Thumb Code     0  libshutdown2.o(.ARM.Collect$$libshutdown$$0000000B)
    __rt_entry                               0x0800025d   Thumb Code     0  __rtentry.o(.ARM.Collect$$rtentry$$00000000)
    __rt_entry_presh_1                       0x0800025d   Thumb Code     0  __rtentry2.o(.ARM.Collect$$rtentry$$00000002)
    __rt_entry_sh                            0x0800025d   Thumb Code     0  __rtentry4.o(.ARM.Collect$$rtentry$$00000004)
    __rt_entry_li                            0x08000263   Thumb Code     0  __rtentry2.o(.ARM.Collect$$rtentry$$0000000A)
    __rt_entry_postsh_1                      0x08000263   Thumb Code     0  __rtentry2.o(.ARM.Collect$$rtentry$$00000009)
    __rt_entry_main                          0x08000267   Thumb Code     0  __rtentry2.o(.ARM.Collect$$rtentry$$0000000D)
    __rt_entry_postli_1                      0x08000267   Thumb Code     0  __rtentry2.o(.ARM.Collect$$rtentry$$0000000C)
    __rt_exit                                0x0800026f   Thumb Code     0  rtexit.o(.ARM.Collect$$rtexit$$00000000)
    __rt_exit_ls                             0x08000271   Thumb Code     0  rtexit2.o(.ARM.Collect$$rtexit$$00000003)
    __rt_exit_prels_1                        0x08000271   Thumb Code     0  rtexit2.o(.ARM.Collect$$rtexit$$00000002)
    __rt_exit_exit                           0x08000275   Thumb Code     0  rtexit2.o(.ARM.Collect$$rtexit$$00000004)
    NMI_Handler                              0x0800027d   Thumb Code     2  stm32f10x_it.o(.text)
    _maybe_terminate_alloc                   0x0800027d   Thumb Code     0  maybetermalloc1.o(.emb_text)
    HardFault_Handler                        0x0800027f   Thumb Code    12  stm32f10x_it.o(.text)
    MemManage_Handler                        0x0800028b   Thumb Code    12  stm32f10x_it.o(.text)
    BusFault_Handler                         0x08000297   Thumb Code    12  stm32f10x_it.o(.text)
    UsageFault_Handler                       0x080002a3   Thumb Code    12  stm32f10x_it.o(.text)
    SVC_Handler                              0x080002af   Thumb Code     2  stm32f10x_it.o(.text)
    DebugMon_Handler                         0x080002b1   Thumb Code     2  stm32f10x_it.o(.text)
    SysTick_Handler                          0x080002b3   Thumb Code     2  stm32f10x_it.o(.text)
    EXTI0_IRQHandler                         0x080002b5   Thumb Code     2  stm32f10x_it.o(.text)
    RTC_IRQHandler                           0x080002b7   Thumb Code     2  stm32f10x_it.o(.text)
    SystemInit                               0x0800048f   Thumb Code    78  system_stm32f10x.o(.text)
    SystemCoreClockUpdate                    0x080004dd   Thumb Code   142  system_stm32f10x.o(.text)
    Reset_Handler                            0x08000591   Thumb Code     8  startup_stm32f10x_md.o(.text)
    PendSV_Handler                           0x080005a7   Thumb Code     2  startup_stm32f10x_md.o(.text)
    ADC1_2_IRQHandler                        0x080005ab   Thumb Code     0  startup_stm32f10x_md.o(.text)
    CAN1_RX1_IRQHandler                      0x080005ab   Thumb Code     0  startup_stm32f10x_md.o(.text)
    CAN1_SCE_IRQHandler                      0x080005ab   Thumb Code     0  startup_stm32f10x_md.o(.text)
    DMA1_Channel1_IRQHandler                 0x080005ab   Thumb Code     0  startup_stm32f10x_md.o(.text)
    DMA1_Channel2_IRQHandler                 0x080005ab   Thumb Code     0  startup_stm32f10x_md.o(.text)
    DMA1_Channel3_IRQHandler                 0x080005ab   Thumb Code     0  startup_stm32f10x_md.o(.text)
    DMA1_Channel4_IRQHandler                 0x080005ab   Thumb Code     0  startup_stm32f10x_md.o(.text)
    DMA1_Channel5_IRQHandler                 0x080005ab   Thumb Code     0  startup_stm32f10x_md.o(.text)
    DMA1_Channel6_IRQHandler                 0x080005ab   Thumb Code     0  startup_stm32f10x_md.o(.text)
    DMA1_Channel7_IRQHandler                 0x080005ab   Thumb Code     0  startup_stm32f10x_md.o(.text)
    EXTI15_10_IRQHandler                     0x080005ab   Thumb Code     0  startup_stm32f10x_md.o(.text)
    EXTI2_IRQHandler                         0x080005ab   Thumb Code     0  startup_stm32f10x_md.o(.text)
    EXTI3_IRQHandler                         0x080005ab   Thumb Code     0  startup_stm32f10x_md.o(.text)
    EXTI4_IRQHandler                         0x080005ab   Thumb Code     0  startup_stm32f10x_md.o(.text)
    EXTI9_5_IRQHandler                       0x080005ab   Thumb Code     0  startup_stm32f10x_md.o(.text)
    FLASH_IRQHandler                         0x080005ab   Thumb Code     0  startup_stm32f10x_md.o(.text)
    I2C1_ER_IRQHandler                       0x080005ab   Thumb Code     0  startup_stm32f10x_md.o(.text)
    I2C1_EV_IRQHandler                       0x080005ab   Thumb Code     0  startup_stm32f10x_md.o(.text)
    I2C2_ER_IRQHandler                       0x080005ab   Thumb Code     0  startup_stm32f10x_md.o(.text)
    I2C2_EV_IRQHandler                       0x080005ab   Thumb Code     0  startup_stm32f10x_md.o(.text)
    PVD_IRQHandler                           0x080005ab   Thumb Code     0  startup_stm32f10x_md.o(.text)
    RCC_IRQHandler                           0x080005ab   Thumb Code     0  startup_stm32f10x_md.o(.text)
    RTCAlarm_IRQHandler                      0x080005ab   Thumb Code     0  startup_stm32f10x_md.o(.text)
    SPI1_IRQHandler                          0x080005ab   Thumb Code     0  startup_stm32f10x_md.o(.text)
    SPI2_IRQHandler                          0x080005ab   Thumb Code     0  startup_stm32f10x_md.o(.text)
    TAMPER_IRQHandler                        0x080005ab   Thumb Code     0  startup_stm32f10x_md.o(.text)
    TIM1_BRK_IRQHandler                      0x080005ab   Thumb Code     0  startup_stm32f10x_md.o(.text)
    TIM1_CC_IRQHandler                       0x080005ab   Thumb Code     0  startup_stm32f10x_md.o(.text)
    TIM1_TRG_COM_IRQHandler                  0x080005ab   Thumb Code     0  startup_stm32f10x_md.o(.text)
    TIM1_UP_IRQHandler                       0x080005ab   Thumb Code     0  startup_stm32f10x_md.o(.text)
    TIM2_IRQHandler                          0x080005ab   Thumb Code     0  startup_stm32f10x_md.o(.text)
    TIM3_IRQHandler                          0x080005ab   Thumb Code     0  startup_stm32f10x_md.o(.text)
    TIM4_IRQHandler                          0x080005ab   Thumb Code     0  startup_stm32f10x_md.o(.text)
    USART3_IRQHandler                        0x080005ab   Thumb Code     0  startup_stm32f10x_md.o(.text)
    USBWakeUp_IRQHandler                     0x080005ab   Thumb Code     0  startup_stm32f10x_md.o(.text)
    USB_HP_CAN1_TX_IRQHandler                0x080005ab   Thumb Code     0  startup_stm32f10x_md.o(.text)
    USB_LP_CAN1_RX0_IRQHandler               0x080005ab   Thumb Code     0  startup_stm32f10x_md.o(.text)
    WWDG_IRQHandler                          0x080005ab   Thumb Code     0  startup_stm32f10x_md.o(.text)
    __user_initial_stackheap                 0x080005ad   Thumb Code     0  startup_stm32f10x_md.o(.text)
    NVIC_PriorityGroupConfig                 0x080005d1   Thumb Code    10  misc.o(.text)
    NVIC_Init                                0x080005db   Thumb Code   100  misc.o(.text)
    NVIC_SetVectorTable                      0x0800063f   Thumb Code    14  misc.o(.text)
    NVIC_SystemLPConfig                      0x0800064d   Thumb Code    34  misc.o(.text)
    SysTick_CLKSourceConfig                  0x0800066f   Thumb Code    40  misc.o(.text)
    GPIO_DeInit                              0x080006ad   Thumb Code   172  stm32f10x_gpio.o(.text)
    GPIO_AFIODeInit                          0x08000759   Thumb Code    20  stm32f10x_gpio.o(.text)
    GPIO_Init                                0x0800076d   Thumb Code   278  stm32f10x_gpio.o(.text)
    GPIO_StructInit                          0x08000883   Thumb Code    16  stm32f10x_gpio.o(.text)
    GPIO_ReadInputDataBit                    0x08000893   Thumb Code    18  stm32f10x_gpio.o(.text)
    GPIO_ReadInputData                       0x080008a5   Thumb Code     8  stm32f10x_gpio.o(.text)
    GPIO_ReadOutputDataBit                   0x080008ad   Thumb Code    18  stm32f10x_gpio.o(.text)
    GPIO_ReadOutputData                      0x080008bf   Thumb Code     8  stm32f10x_gpio.o(.text)
    GPIO_SetBits                             0x080008c7   Thumb Code     4  stm32f10x_gpio.o(.text)
    GPIO_ResetBits                           0x080008cb   Thumb Code     4  stm32f10x_gpio.o(.text)
    GPIO_WriteBit                            0x080008cf   Thumb Code    10  stm32f10x_gpio.o(.text)
    GPIO_Write                               0x080008d9   Thumb Code     4  stm32f10x_gpio.o(.text)
    GPIO_PinLockConfig                       0x080008dd   Thumb Code    18  stm32f10x_gpio.o(.text)
    GPIO_EventOutputConfig                   0x080008ef   Thumb Code    26  stm32f10x_gpio.o(.text)
    GPIO_EventOutputCmd                      0x08000909   Thumb Code     6  stm32f10x_gpio.o(.text)
    GPIO_PinRemapConfig                      0x0800090f   Thumb Code   138  stm32f10x_gpio.o(.text)
    GPIO_EXTILineConfig                      0x08000999   Thumb Code    66  stm32f10x_gpio.o(.text)
    GPIO_ETH_MediaInterfaceConfig            0x080009db   Thumb Code     8  stm32f10x_gpio.o(.text)
    RCC_DeInit                               0x08000a09   Thumb Code    64  stm32f10x_rcc.o(.text)
    RCC_HSEConfig                            0x08000a49   Thumb Code    70  stm32f10x_rcc.o(.text)
    RCC_GetFlagStatus                        0x08000a8f   Thumb Code    56  stm32f10x_rcc.o(.text)
    RCC_WaitForHSEStartUp                    0x08000ac7   Thumb Code    56  stm32f10x_rcc.o(.text)
    RCC_AdjustHSICalibrationValue            0x08000aff   Thumb Code    20  stm32f10x_rcc.o(.text)
    RCC_HSICmd                               0x08000b13   Thumb Code     6  stm32f10x_rcc.o(.text)
    RCC_PLLConfig                            0x08000b19   Thumb Code    24  stm32f10x_rcc.o(.text)
    RCC_PLLCmd                               0x08000b31   Thumb Code     6  stm32f10x_rcc.o(.text)
    RCC_SYSCLKConfig                         0x08000b37   Thumb Code    18  stm32f10x_rcc.o(.text)
    RCC_GetSYSCLKSource                      0x08000b49   Thumb Code    10  stm32f10x_rcc.o(.text)
    RCC_HCLKConfig                           0x08000b53   Thumb Code    18  stm32f10x_rcc.o(.text)
    RCC_PCLK1Config                          0x08000b65   Thumb Code    18  stm32f10x_rcc.o(.text)
    RCC_PCLK2Config                          0x08000b77   Thumb Code    20  stm32f10x_rcc.o(.text)
    RCC_ITConfig                             0x08000b8b   Thumb Code    26  stm32f10x_rcc.o(.text)
    RCC_USBCLKConfig                         0x08000ba5   Thumb Code     8  stm32f10x_rcc.o(.text)
    RCC_ADCCLKConfig                         0x08000bad   Thumb Code    18  stm32f10x_rcc.o(.text)
    RCC_LSEConfig                            0x08000bbf   Thumb Code    50  stm32f10x_rcc.o(.text)
    RCC_LSICmd                               0x08000bf1   Thumb Code     6  stm32f10x_rcc.o(.text)
    RCC_RTCCLKConfig                         0x08000bf7   Thumb Code    12  stm32f10x_rcc.o(.text)
    RCC_RTCCLKCmd                            0x08000c03   Thumb Code     8  stm32f10x_rcc.o(.text)
    RCC_GetClocksFreq                        0x08000c0b   Thumb Code   192  stm32f10x_rcc.o(.text)
    RCC_AHBPeriphClockCmd                    0x08000ccb   Thumb Code    26  stm32f10x_rcc.o(.text)
    RCC_APB2PeriphClockCmd                   0x08000ce5   Thumb Code    26  stm32f10x_rcc.o(.text)
    RCC_APB1PeriphClockCmd                   0x08000cff   Thumb Code    26  stm32f10x_rcc.o(.text)
    RCC_APB2PeriphResetCmd                   0x08000d19   Thumb Code    26  stm32f10x_rcc.o(.text)
    RCC_APB1PeriphResetCmd                   0x08000d33   Thumb Code    26  stm32f10x_rcc.o(.text)
    RCC_BackupResetCmd                       0x08000d4d   Thumb Code     8  stm32f10x_rcc.o(.text)
    RCC_ClockSecuritySystemCmd               0x08000d55   Thumb Code     6  stm32f10x_rcc.o(.text)
    RCC_MCOConfig                            0x08000d5b   Thumb Code     6  stm32f10x_rcc.o(.text)
    RCC_ClearFlag                            0x08000d61   Thumb Code    14  stm32f10x_rcc.o(.text)
    RCC_GetITStatus                          0x08000d6f   Thumb Code    20  stm32f10x_rcc.o(.text)
    RCC_ClearITPendingBit                    0x08000d83   Thumb Code     6  stm32f10x_rcc.o(.text)
    USART_DeInit                             0x08000dad   Thumb Code   134  stm32f10x_usart.o(.text)
    USART_Init                               0x08000e33   Thumb Code   210  stm32f10x_usart.o(.text)
    USART_StructInit                         0x08000f05   Thumb Code    24  stm32f10x_usart.o(.text)
    USART_ClockInit                          0x08000f1d   Thumb Code    34  stm32f10x_usart.o(.text)
    USART_ClockStructInit                    0x08000f3f   Thumb Code    12  stm32f10x_usart.o(.text)
    USART_Cmd                                0x08000f4b   Thumb Code    24  stm32f10x_usart.o(.text)
    USART_ITConfig                           0x08000f63   Thumb Code    74  stm32f10x_usart.o(.text)
    USART_DMACmd                             0x08000fad   Thumb Code    18  stm32f10x_usart.o(.text)
    USART_SetAddress                         0x08000fbf   Thumb Code    18  stm32f10x_usart.o(.text)
    USART_WakeUpConfig                       0x08000fd1   Thumb Code    18  stm32f10x_usart.o(.text)
    USART_ReceiverWakeUpCmd                  0x08000fe3   Thumb Code    24  stm32f10x_usart.o(.text)
    USART_LINBreakDetectLengthConfig         0x08000ffb   Thumb Code    18  stm32f10x_usart.o(.text)
    USART_LINCmd                             0x0800100d   Thumb Code    24  stm32f10x_usart.o(.text)
    USART_SendData                           0x08001025   Thumb Code     8  stm32f10x_usart.o(.text)
    USART_ReceiveData                        0x0800102d   Thumb Code    10  stm32f10x_usart.o(.text)
    USART_SendBreak                          0x08001037   Thumb Code    10  stm32f10x_usart.o(.text)
    USART_SetGuardTime                       0x08001041   Thumb Code    16  stm32f10x_usart.o(.text)
    USART_SetPrescaler                       0x08001051   Thumb Code    16  stm32f10x_usart.o(.text)
    USART_SmartCardCmd                       0x08001061   Thumb Code    24  stm32f10x_usart.o(.text)
    USART_SmartCardNACKCmd                   0x08001079   Thumb Code    24  stm32f10x_usart.o(.text)
    USART_HalfDuplexCmd                      0x08001091   Thumb Code    24  stm32f10x_usart.o(.text)
    USART_OverSampling8Cmd                   0x080010a9   Thumb Code    22  stm32f10x_usart.o(.text)
    USART_OneBitMethodCmd                    0x080010bf   Thumb Code    24  stm32f10x_usart.o(.text)
    USART_IrDAConfig                         0x080010d7   Thumb Code    18  stm32f10x_usart.o(.text)
    USART_IrDACmd                            0x080010e9   Thumb Code    24  stm32f10x_usart.o(.text)
    USART_GetFlagStatus                      0x08001101   Thumb Code    26  stm32f10x_usart.o(.text)
    USART_ClearFlag                          0x0800111b   Thumb Code    18  stm32f10x_usart.o(.text)
    USART_GetITStatus                        0x0800112d   Thumb Code    84  stm32f10x_usart.o(.text)
    USART_ClearITPendingBit                  0x08001181   Thumb Code    52  stm32f10x_usart.o(.text)
    EXTI_DeInit                              0x080011b5   Thumb Code    28  stm32f10x_exti.o(.text)
    EXTI_Init                                0x080011d1   Thumb Code   142  stm32f10x_exti.o(.text)
    EXTI_StructInit                          0x0800125f   Thumb Code    16  stm32f10x_exti.o(.text)
    EXTI_GenerateSWInterrupt                 0x0800126f   Thumb Code    16  stm32f10x_exti.o(.text)
    EXTI_GetFlagStatus                       0x0800127f   Thumb Code    22  stm32f10x_exti.o(.text)
    EXTI_ClearFlag                           0x08001295   Thumb Code     8  stm32f10x_exti.o(.text)
    EXTI_GetITStatus                         0x0800129d   Thumb Code    34  stm32f10x_exti.o(.text)
    EXTI_ClearITPendingBit                   0x080012bf   Thumb Code     8  stm32f10x_exti.o(.text)
    Delay_Init                               0x080012d1   Thumb Code    48  delay.o(.text)
    DelayUs                                  0x08001301   Thumb Code    60  delay.o(.text)
    DelayXms                                 0x0800133d   Thumb Code    66  delay.o(.text)
    DelayMs                                  0x0800137f   Thumb Code    60  delay.o(.text)
    Usart1_Init                              0x080013c5   Thumb Code   166  usart.o(.text)
    Usart2_Init                              0x0800146b   Thumb Code   162  usart.o(.text)
    Usart_SendString                         0x0800150d   Thumb Code    50  usart.o(.text)
    UsartPrintf                              0x0800153f   Thumb Code    72  usart.o(.text)
    USART1_IRQHandler                        0x08001587   Thumb Code    24  usart.o(.text)
    Led_Set                                  0x080015ad   Thumb Code    24  led.o(.text)
    Led_Init                                 0x080015c5   Thumb Code    44  led.o(.text)
    Key_Init                                 0x080015f9   Thumb Code   110  key.o(.text)
    EXTI1_IRQHandler                         0x08001667   Thumb Code    48  key.o(.text)
    DHT11_Rst                                0x080016a1   Thumb Code    58  dht11.o(.text)
    DHT11_Check                              0x080016db   Thumb Code   100  dht11.o(.text)
    DHT11_Read_Bit                           0x0800173f   Thumb Code    82  dht11.o(.text)
    DHT11_Read_Byte                          0x08001791   Thumb Code    30  dht11.o(.text)
    DHT11_Read_Data                          0x080017af   Thumb Code    88  dht11.o(.text)
    DHT11_Init                               0x08001807   Thumb Code    54  dht11.o(.text)
    Refresh_Data                             0x08001841   Thumb Code    80  main.o(.text)
    Display_Init                             0x08001891   Thumb Code   120  main.o(.text)
    Hardware_Init                            0x08001909   Thumb Code    98  main.o(.text)
    main                                     0x0800196b   Thumb Code   176  main.o(.text)
    OneNET_RegisterDevice                    0x08001ce3   Thumb Code   216  onenet.o(.text)
    OneNet_DevLink                           0x08001dbb   Thumb Code   242  onenet.o(.text)
    OneNet_FillBuf                           0x08001ead   Thumb Code   876  onenet.o(.text)
    OneNet_SendData                          0x08002219   Thumb Code   116  onenet.o(.text)
    OneNET_Publish                           0x0800228d   Thumb Code    86  onenet.o(.text)
    OneNET_Subscribe                         0x080022e3   Thumb Code    82  onenet.o(.text)
    OneNet_RevPro                            0x08002335   Thumb Code   256  onenet.o(.text)
    ft                                       0x08002555   Thumb Code    76  hmac_sha1.o(.text)
    k                                        0x080025a1   Thumb Code    34  hmac_sha1.o(.text)
    rotr                                     0x080025c3   Thumb Code    40  hmac_sha1.o(.text)
    rotl                                     0x080025eb   Thumb Code    46  hmac_sha1.o(.text)
    sha1                                     0x08002619   Thumb Code   632  hmac_sha1.o(.text)
    hmac_sha1                                0x08002891   Thumb Code   330  hmac_sha1.o(.text)
    BASE64_Encode                            0x080029dd   Thumb Code   320  base64.o(.text)
    BASE64_Decode                            0x08002b1d   Thumb Code   360  base64.o(.text)
    MQTT_NewBuffer                           0x08002c8d   Thumb Code    88  mqttkit.o(.text)
    MQTT_DeleteBuffer                        0x08002ce5   Thumb Code    28  mqttkit.o(.text)
    MQTT_DumpLength                          0x08002d01   Thumb Code    46  mqttkit.o(.text)
    MQTT_ReadLength                          0x08002d2f   Thumb Code    70  mqttkit.o(.text)
    MQTT_UnPacketRecv                        0x08002d75   Thumb Code   106  mqttkit.o(.text)
    MQTT_PacketConnect                       0x08002ddf   Thumb Code   666  mqttkit.o(.text)
    MQTT_PacketDisConnect                    0x08003079   Thumb Code    48  mqttkit.o(.text)
    MQTT_UnPacketConnectAck                  0x080030a9   Thumb Code    30  mqttkit.o(.text)
    MQTT_PacketPublish                       0x080030c7   Thumb Code   452  mqttkit.o(.text)
    MQTT_PacketSaveData                      0x0800328b   Thumb Code    68  mqttkit.o(.text)
    MQTT_PacketSaveBinData                   0x080032cf   Thumb Code   192  mqttkit.o(.text)
    MQTT_UnPacketCmd                         0x0800338f   Thumb Code   140  mqttkit.o(.text)
    MQTT_PacketCmdResp                       0x0800341b   Thumb Code   132  mqttkit.o(.text)
    MQTT_PacketSubscribe                     0x0800349f   Thumb Code   254  mqttkit.o(.text)
    MQTT_UnPacketSubscribe                   0x0800359d   Thumb Code    52  mqttkit.o(.text)
    MQTT_PacketUnSubscribe                   0x080035d1   Thumb Code   300  mqttkit.o(.text)
    MQTT_UnPacketUnSubscribe                 0x080036fd   Thumb Code    18  mqttkit.o(.text)
    MQTT_UnPacketPublish                     0x0800370f   Thumb Code   440  mqttkit.o(.text)
    MQTT_PacketPublishAck                    0x080038c7   Thumb Code    72  mqttkit.o(.text)
    MQTT_UnPacketPublishAck                  0x0800390f   Thumb Code    30  mqttkit.o(.text)
    MQTT_PacketPublishRec                    0x0800392d   Thumb Code    72  mqttkit.o(.text)
    MQTT_UnPacketPublishRec                  0x08003975   Thumb Code    30  mqttkit.o(.text)
    MQTT_PacketPublishRel                    0x08003993   Thumb Code    72  mqttkit.o(.text)
    MQTT_UnPacketPublishRel                  0x080039db   Thumb Code    36  mqttkit.o(.text)
    MQTT_PacketPublishComp                   0x080039ff   Thumb Code    72  mqttkit.o(.text)
    MQTT_UnPacketPublishComp                 0x08003a47   Thumb Code    30  mqttkit.o(.text)
    MQTT_PacketPing                          0x08003a65   Thumb Code    48  mqttkit.o(.text)
    ESP8266_Clear                            0x08003a95   Thumb Code    20  esp8266.o(.text)
    ESP8266_WaitRecive                       0x08003aa9   Thumb Code    42  esp8266.o(.text)
    ESP8266_SendCmd                          0x08003ad3   Thumb Code    76  esp8266.o(.text)
    ESP8266_SendData                         0x08003b1f   Thumb Code    46  esp8266.o(.text)
    ESP8266_GetIPD                           0x08003b4d   Thumb Code    68  esp8266.o(.text)
    ESP8266_Init                             0x08003b91   Thumb Code   174  esp8266.o(.text)
    USART2_IRQHandler                        0x08003c3f   Thumb Code    64  esp8266.o(.text)
    cJSON_GetErrorPtr                        0x08003d5d   Thumb Code     6  cjson.o(.text)
    cJSON_InitHooks                          0x08003dd7   Thumb Code    48  cjson.o(.text)
    cJSON_Delete                             0x08003e21   Thumb Code    82  cjson.o(.text)
    cJSON_ParseWithOpts                      0x0800498d   Thumb Code   152  cjson.o(.text)
    cJSON_Parse                              0x08004a25   Thumb Code    16  cjson.o(.text)
    cJSON_Print                              0x080051b5   Thumb Code    18  cjson.o(.text)
    cJSON_PrintUnformatted                   0x080051c7   Thumb Code    18  cjson.o(.text)
    cJSON_PrintBuffered                      0x080051d9   Thumb Code    52  cjson.o(.text)
    cJSON_GetArraySize                       0x0800520d   Thumb Code    18  cjson.o(.text)
    cJSON_GetArrayItem                       0x0800521f   Thumb Code    18  cjson.o(.text)
    cJSON_GetObjectItem                      0x08005231   Thumb Code    30  cjson.o(.text)
    cJSON_AddItemToArray                     0x08005285   Thumb Code    42  cjson.o(.text)
    cJSON_AddItemToObject                    0x080052af   Thumb Code    44  cjson.o(.text)
    cJSON_AddItemToObjectCS                  0x080052db   Thumb Code    54  cjson.o(.text)
    cJSON_AddItemReferenceToArray            0x08005311   Thumb Code    24  cjson.o(.text)
    cJSON_AddItemReferenceToObject           0x08005329   Thumb Code    32  cjson.o(.text)
    cJSON_DetachItemFromArray                0x08005349   Thumb Code    66  cjson.o(.text)
    cJSON_DeleteItemFromArray                0x0800538b   Thumb Code    22  cjson.o(.text)
    cJSON_DetachItemFromObject               0x080053a1   Thumb Code    50  cjson.o(.text)
    cJSON_DeleteItemFromObject               0x080053d3   Thumb Code    22  cjson.o(.text)
    cJSON_InsertItemInArray                  0x080053e9   Thumb Code    64  cjson.o(.text)
    cJSON_ReplaceItemInArray                 0x08005429   Thumb Code    76  cjson.o(.text)
    cJSON_ReplaceItemInObject                0x08005475   Thumb Code    62  cjson.o(.text)
    cJSON_CreateNull                         0x080054b3   Thumb Code    18  cjson.o(.text)
    cJSON_CreateTrue                         0x080054c5   Thumb Code    18  cjson.o(.text)
    cJSON_CreateFalse                        0x080054d7   Thumb Code    18  cjson.o(.text)
    cJSON_CreateBool                         0x080054e9   Thumb Code    26  cjson.o(.text)
    cJSON_CreateNumber                       0x08005503   Thumb Code    36  cjson.o(.text)
    cJSON_CreateString                       0x08005527   Thumb Code    28  cjson.o(.text)
    cJSON_CreateArray                        0x08005543   Thumb Code    18  cjson.o(.text)
    cJSON_CreateObject                       0x08005555   Thumb Code    18  cjson.o(.text)
    cJSON_CreateIntArray                     0x08005567   Thumb Code    68  cjson.o(.text)
    cJSON_CreateFloatArray                   0x080055ab   Thumb Code    68  cjson.o(.text)
    cJSON_CreateDoubleArray                  0x080055ef   Thumb Code    68  cjson.o(.text)
    cJSON_CreateStringArray                  0x08005633   Thumb Code    62  cjson.o(.text)
    cJSON_Duplicate                          0x08005671   Thumb Code   178  cjson.o(.text)
    cJSON_Minify                             0x08005723   Thumb Code   186  cjson.o(.text)
    IIC_Start                                0x080057dd   Thumb Code    36  oled.o(.text)
    IIC_Stop                                 0x08005801   Thumb Code    28  oled.o(.text)
    IIC_Wait_Ack                             0x0800581d   Thumb Code    20  oled.o(.text)
    Write_IIC_Byte                           0x08005831   Thumb Code    80  oled.o(.text)
    Write_IIC_Command                        0x08005881   Thumb Code    44  oled.o(.text)
    Write_IIC_Data                           0x080058ad   Thumb Code    44  oled.o(.text)
    OLED_WR_Byte                             0x080058d9   Thumb Code    24  oled.o(.text)
    fill_picture                             0x080058f1   Thumb Code    64  oled.o(.text)
    Delay_50ms                               0x08005931   Thumb Code    22  oled.o(.text)
    Delay_1ms                                0x08005947   Thumb Code    26  oled.o(.text)
    OLED_Set_Pos                             0x08005961   Thumb Code    40  oled.o(.text)
    OLED_Display_On                          0x08005989   Thumb Code    28  oled.o(.text)
    OLED_Display_Off                         0x080059a5   Thumb Code    28  oled.o(.text)
    OLED_Clear                               0x080059c1   Thumb Code    62  oled.o(.text)
    OLED_On                                  0x080059ff   Thumb Code    62  oled.o(.text)
    OLED_ShowChar                            0x08005a3d   Thumb Code   154  oled.o(.text)
    oled_pow                                 0x08005ad7   Thumb Code    22  oled.o(.text)
    OLED_ShowNum                             0x08005aed   Thumb Code   136  oled.o(.text)
    OLED_ShowString                          0x08005b75   Thumb Code    58  oled.o(.text)
    OLED_ShowCHinese                         0x08005baf   Thumb Code   112  oled.o(.text)
    OLED_DrawBMP                             0x08005c1f   Thumb Code   118  oled.o(.text)
    OLED_Init                                0x08005c95   Thumb Code   274  oled.o(.text)
    malloc                                   0x08005db1   Thumb Code    94  h1_alloc.o(.text)
    free                                     0x08005e0f   Thumb Code    78  h1_free.o(.text)
    tolower                                  0x08005e5d   Thumb Code    26  tolower.o(.text)
    __c89vsnprintf                           0x08005e79   Thumb Code    48  c89vsnprintf.o(.text)
    __2sprintf                               0x08005ead   Thumb Code    38  __2sprintf.o(.text)
    __2snprintf                              0x08005ed9   Thumb Code    50  __2snprintf.o(.text)
    _printf_pre_padding                      0x08005f11   Thumb Code    44  _printf_pad.o(.text)
    _printf_post_padding                     0x08005f3d   Thumb Code    34  _printf_pad.o(.text)
    _printf_str                              0x08005f5f   Thumb Code    82  _printf_str.o(.text)
    _printf_int_dec                          0x08005fb1   Thumb Code   104  _printf_dec.o(.text)
    _printf_longlong_hex                     0x08006029   Thumb Code    86  _printf_hex_int_ll_ptr.o(.text)
    _printf_int_hex                          0x0800607f   Thumb Code    28  _printf_hex_int_ll_ptr.o(.text)
    _printf_ll_hex                           0x0800609b   Thumb Code    12  _printf_hex_int_ll_ptr.o(.text)
    _printf_hex_ptr                          0x080060a7   Thumb Code    18  _printf_hex_int_ll_ptr.o(.text)
    __printf                                 0x080060bd   Thumb Code   388  __printf_flags_ss_wp.o(.text)
    __0sscanf                                0x08006245   Thumb Code    52  __0sscanf.o(.text)
    _scanf_int                               0x08006281   Thumb Code   332  _scanf_int.o(.text)
    _scanf_string                            0x080063cd   Thumb Code   224  _scanf_str.o(.text)
    strchr                                   0x080064ad   Thumb Code    20  strchr.o(.text)
    strncat                                  0x080064c1   Thumb Code    36  strncat.o(.text)
    strstr                                   0x080064e5   Thumb Code    36  strstr.o(.text)
    strcpy                                   0x08006509   Thumb Code    72  strcpy.o(.text)
    strlen                                   0x08006551   Thumb Code    62  strlen.o(.text)
    strncmp                                  0x0800658f   Thumb Code   150  strncmp.o(.text)
    strcat                                   0x08006625   Thumb Code    24  strcat.o(.text)
    __aeabi_memcpy                           0x0800663d   Thumb Code     0  rt_memcpy_v6.o(.text)
    __rt_memcpy                              0x0800663d   Thumb Code   138  rt_memcpy_v6.o(.text)
    _memcpy_lastbytes                        0x080066a3   Thumb Code     0  rt_memcpy_v6.o(.text)
    __aeabi_memcpy4                          0x080066c7   Thumb Code     0  rt_memcpy_w.o(.text)
    __aeabi_memcpy8                          0x080066c7   Thumb Code     0  rt_memcpy_w.o(.text)
    __rt_memcpy_w                            0x080066c7   Thumb Code   100  rt_memcpy_w.o(.text)
    _memcpy_lastbytes_aligned                0x0800670f   Thumb Code     0  rt_memcpy_w.o(.text)
    __aeabi_memclr                           0x0800672b   Thumb Code     0  rt_memclr.o(.text)
    __rt_memclr                              0x0800672b   Thumb Code    68  rt_memclr.o(.text)
    _memset                                  0x0800672f   Thumb Code     0  rt_memclr.o(.text)
    __aeabi_memclr4                          0x0800676f   Thumb Code     0  rt_memclr_w.o(.text)
    __aeabi_memclr8                          0x0800676f   Thumb Code     0  rt_memclr_w.o(.text)
    __rt_memclr_w                            0x0800676f   Thumb Code    78  rt_memclr_w.o(.text)
    _memset_w                                0x08006773   Thumb Code     0  rt_memclr_w.o(.text)
    __use_two_region_memory                  0x080067bd   Thumb Code     2  heapauxi.o(.text)
    __rt_heap_escrow                         0x080067bf   Thumb Code     2  heapauxi.o(.text)
    __rt_heap_expand                         0x080067c1   Thumb Code     2  heapauxi.o(.text)
    __rt_ctype_table                         0x080067c5   Thumb Code    16  rt_ctype_table.o(.text)
    __rt_heap_descriptor                     0x080067d5   Thumb Code     8  rt_heap_descriptor_intlibspace.o(.text)
    __use_no_heap                            0x080067dd   Thumb Code     2  hguard.o(.text)
    __heap$guard                             0x080067df   Thumb Code     2  hguard.o(.text)
    _terminate_user_alloc                    0x080067e1   Thumb Code     2  init_alloc.o(.text)
    _init_user_alloc                         0x080067e3   Thumb Code     2  init_alloc.o(.text)
    __Heap_Full                              0x080067e5   Thumb Code    34  init_alloc.o(.text)
    __Heap_Broken                            0x08006807   Thumb Code     6  init_alloc.o(.text)
    _init_alloc                              0x0800680d   Thumb Code    94  init_alloc.o(.text)
    __Heap_Initialize                        0x0800686b   Thumb Code    10  h1_init.o(.text)
    __Heap_DescSize                          0x08006875   Thumb Code     4  h1_init.o(.text)
    __read_errno                             0x08006879   Thumb Code    10  _rserrno.o(.text)
    __set_errno                              0x08006883   Thumb Code    12  _rserrno.o(.text)
    _printf_truncate_signed                  0x0800688f   Thumb Code    18  _printf_truncate.o(.text)
    _printf_truncate_unsigned                0x080068a1   Thumb Code    18  _printf_truncate.o(.text)
    _printf_int_common                       0x080068b3   Thumb Code   178  _printf_intcommon.o(.text)
    _printf_charcount                        0x08006965   Thumb Code    40  _printf_charcount.o(.text)
    __lib_sel_fp_printf                      0x0800698d   Thumb Code     2  _printf_fp_dec.o(.text)
    _printf_fp_dec_real                      0x08006b3b   Thumb Code   620  _printf_fp_dec.o(.text)
    _printf_char_common                      0x08006db3   Thumb Code    32  _printf_char_common.o(.text)
    _sputc                                   0x08006dd9   Thumb Code    10  _sputc.o(.text)
    _snputc                                  0x08006de3   Thumb Code    16  _snputc.o(.text)
    _printf_cs_common                        0x08006df3   Thumb Code    20  _printf_char.o(.text)
    _printf_char                             0x08006e07   Thumb Code    16  _printf_char.o(.text)
    _printf_string                           0x08006e17   Thumb Code     8  _printf_char.o(.text)
    _printf_wctomb                           0x08006e21   Thumb Code   182  _printf_wctomb.o(.text)
    _printf_longlong_dec                     0x08006edd   Thumb Code   108  _printf_longlong_dec.o(.text)
    _printf_longlong_oct                     0x08006f59   Thumb Code    68  _printf_oct_int_ll.o(.text)
    _printf_int_oct                          0x08006f9d   Thumb Code    24  _printf_oct_int_ll.o(.text)
    _printf_ll_oct                           0x08006fb5   Thumb Code    12  _printf_oct_int_ll.o(.text)
    _chval                                   0x08006fc9   Thumb Code    28  _chval.o(.text)
    __vfscanf_char                           0x08006ff1   Thumb Code    24  scanf_char.o(.text)
    _sgetc                                   0x08007011   Thumb Code    30  _sgetc.o(.text)
    _sbackspace                              0x0800702f   Thumb Code    34  _sgetc.o(.text)
    __user_libspace                          0x08007051   Thumb Code     8  libspace.o(.text)
    __user_perproc_libspace                  0x08007051   Thumb Code     0  libspace.o(.text)
    __user_perthread_libspace                0x08007051   Thumb Code     0  libspace.o(.text)
    __rt_locale                              0x08007059   Thumb Code     8  rt_locale_intlibspace.o(.text)
    __aeabi_errno_addr                       0x08007061   Thumb Code     8  rt_errno_addr_intlibspace.o(.text)
    __errno$intlibspace                      0x08007061   Thumb Code     0  rt_errno_addr_intlibspace.o(.text)
    __rt_errno_addr$intlibspace              0x08007061   Thumb Code     0  rt_errno_addr_intlibspace.o(.text)
    __Heap_ProvideMemory                     0x08007069   Thumb Code    52  h1_extend.o(.text)
    _ll_udiv10                               0x0800709d   Thumb Code   138  lludiv10.o(.text)
    isspace                                  0x08007127   Thumb Code    18  isspace.o(.text)
    _printf_fp_infnan                        0x08007139   Thumb Code   112  _printf_fp_infnan.o(.text)
    _printf_lcs_common                       0x080071b9   Thumb Code    20  _printf_wchar.o(.text)
    _printf_wchar                            0x080071cd   Thumb Code    16  _printf_wchar.o(.text)
    _printf_wstring                          0x080071dd   Thumb Code     8  _printf_wchar.o(.text)
    __vfscanf                                0x080071e5   Thumb Code   878  _scanf.o(.text)
    _btod_etento                             0x08007559   Thumb Code   216  bigflt0.o(.text)
    _wcrtomb                                 0x08007635   Thumb Code    64  _wcrtomb.o(.text)
    __rt_SIGRTMEM                            0x08007675   Thumb Code    14  defsig_rtmem_outer.o(.text)
    __I$use$semihosting                      0x08007683   Thumb Code     0  use_no_semi.o(.text)
    __use_no_semihosting_swi                 0x08007683   Thumb Code     2  use_no_semi.o(.text)
    __semihosting_library_function           0x08007685   Thumb Code     0  indicate_semi.o(.text)
    __user_setup_stackheap                   0x08007685   Thumb Code    74  sys_stackheap_outer.o(.text)
    exit                                     0x080076cf   Thumb Code    12  exit.o(.text)
    __sig_exit                               0x080076db   Thumb Code    10  defsig_exit.o(.text)
    __rt_SIGRTMEM_inner                      0x080076e5   Thumb Code    22  defsig_rtmem_inner.o(.text)
    strcmp                                   0x08007735   Thumb Code   128  strcmpv7m.o(.text)
    _sys_exit                                0x080077b5   Thumb Code     8  sys_exit.o(.text)
    __default_signal_display                 0x080077c1   Thumb Code    50  defsig_general.o(.text)
    _ttywrch                                 0x080077f3   Thumb Code    14  sys_wrch.o(.text)
    _btod_d2e                                0x08007801   Thumb Code    62  btod.o(CL$$btod_d2e)
    _d2e_denorm_low                          0x0800783f   Thumb Code    70  btod.o(CL$$btod_d2e_denorm_low)
    _d2e_norm_op1                            0x08007885   Thumb Code    96  btod.o(CL$$btod_d2e_norm_op1)
    __btod_div_common                        0x080078e5   Thumb Code   696  btod.o(CL$$btod_div_common)
    _e2e                                     0x08007c1d   Thumb Code   198  btod.o(CL$$btod_e2e)
    _btod_ediv                               0x08007ce3   Thumb Code    40  btod.o(CL$$btod_ediv)
    _btod_emul                               0x08007d0b   Thumb Code    40  btod.o(CL$$btod_emul)
    __btod_mult_common                       0x08007d33   Thumb Code   580  btod.o(CL$$btod_mult_common)
    __ARM_fpclassify                         0x08007f77   Thumb Code    40  fpclassify.o(i.__ARM_fpclassify)
    __kernel_poly                            0x08007f9f   Thumb Code   170  poly.o(i.__kernel_poly)
    __mathlib_dbl_divzero                    0x08008049   Thumb Code    12  dunder.o(i.__mathlib_dbl_divzero)
    __mathlib_dbl_infnan2                    0x08008059   Thumb Code     4  dunder.o(i.__mathlib_dbl_infnan2)
    __mathlib_dbl_invalid                    0x0800805d   Thumb Code    12  dunder.o(i.__mathlib_dbl_invalid)
    __mathlib_dbl_overflow                   0x08008069   Thumb Code    14  dunder.o(i.__mathlib_dbl_overflow)
    __mathlib_dbl_underflow                  0x08008079   Thumb Code    10  dunder.o(i.__mathlib_dbl_underflow)
    _is_digit                                0x08008089   Thumb Code    14  __printf_wp.o(i._is_digit)
    floor                                    0x08008099   Thumb Code   204  floor.o(i.floor)
    pow                                      0x08008175   Thumb Code  2478  pow.o(i.pow)
    sqrt                                     0x08008b2d   Thumb Code    76  sqrt.o(i.sqrt)
    _get_lc_ctype                            0x08008b79   Thumb Code    44  lc_ctype_c.o(locale$$code)
    _get_lc_numeric                          0x08008ba5   Thumb Code    44  lc_numeric_c.o(locale$$code)
    __aeabi_dadd                             0x08008bd1   Thumb Code     0  daddsub_clz.o(x$fpl$dadd)
    _dadd                                    0x08008bd1   Thumb Code   332  daddsub_clz.o(x$fpl$dadd)
    __fpl_dcheck_NaN1                        0x08008d21   Thumb Code    10  dcheck1.o(x$fpl$dcheck1)
    __fpl_dcmp_Inf                           0x08008d31   Thumb Code    24  dcmpi.o(x$fpl$dcmpinf)
    __aeabi_ddiv                             0x08008d49   Thumb Code     0  ddiv.o(x$fpl$ddiv)
    _ddiv                                    0x08008d49   Thumb Code   552  ddiv.o(x$fpl$ddiv)
    __aeabi_cdcmpeq                          0x08008ff9   Thumb Code     0  deqf.o(x$fpl$deqf)
    _dcmpeq                                  0x08008ff9   Thumb Code   120  deqf.o(x$fpl$deqf)
    __aeabi_d2iz                             0x08009071   Thumb Code     0  dfix.o(x$fpl$dfix)
    _dfix                                    0x08009071   Thumb Code    94  dfix.o(x$fpl$dfix)
    __aeabi_i2d                              0x080090cf   Thumb Code     0  dflt_clz.o(x$fpl$dflt)
    _dflt                                    0x080090cf   Thumb Code    46  dflt_clz.o(x$fpl$dflt)
    __aeabi_cdcmple                          0x080090fd   Thumb Code     0  dleqf.o(x$fpl$dleqf)
    _dcmple                                  0x080090fd   Thumb Code   120  dleqf.o(x$fpl$dleqf)
    __fpl_dcmple_InfNaN                      0x0800915f   Thumb Code     0  dleqf.o(x$fpl$dleqf)
    __aeabi_dmul                             0x08009175   Thumb Code     0  dmul.o(x$fpl$dmul)
    _dmul                                    0x08009175   Thumb Code   332  dmul.o(x$fpl$dmul)
    __fpl_dnaninf                            0x080092c9   Thumb Code   156  dnaninf.o(x$fpl$dnaninf)
    __fpl_dretinf                            0x08009365   Thumb Code    12  dretinf.o(x$fpl$dretinf)
    __aeabi_cdrcmple                         0x08009371   Thumb Code     0  drleqf.o(x$fpl$drleqf)
    _drcmple                                 0x08009371   Thumb Code   108  drleqf.o(x$fpl$drleqf)
    __aeabi_drsub                            0x080093dd   Thumb Code     0  daddsub_clz.o(x$fpl$drsb)
    _drsb                                    0x080093dd   Thumb Code    22  daddsub_clz.o(x$fpl$drsb)
    _dsqrt                                   0x080093f5   Thumb Code   456  dsqrt_noumaal.o(x$fpl$dsqrt)
    __aeabi_dsub                             0x080095c1   Thumb Code     0  daddsub_clz.o(x$fpl$dsub)
    _dsub                                    0x080095c1   Thumb Code   464  daddsub_clz.o(x$fpl$dsub)
    __aeabi_f2d                              0x08009795   Thumb Code     0  f2d.o(x$fpl$f2d)
    _f2d                                     0x08009795   Thumb Code    86  f2d.o(x$fpl$f2d)
    __fpl_fnaninf                            0x080097eb   Thumb Code   140  fnaninf.o(x$fpl$fnaninf)
    _printf_fp_dec                           0x08009877   Thumb Code     4  printf1.o(x$fpl$printf1)
    __fpl_return_NaN                         0x0800987b   Thumb Code   100  retnan.o(x$fpl$retnan)
    __ARM_scalbn                             0x080098df   Thumb Code    92  scalbn.o(x$fpl$scalbn)
    __fpl_cmpreturn                          0x0800993b   Thumb Code    48  trapv.o(x$fpl$trapveneer)
    __I$use$fp                               0x0800996a   Number         0  usenofp.o(x$fpl$usenofp)
    F6x8                                     0x08009a31   Data         552  oled.o(.constdata)
    F8X16                                    0x08009c59   Data        1520  oled.o(.constdata)
    __mathlib_zero                           0x0800a318   Data           8  qnan.o(.constdata)
    Region$$Table$$Base                      0x0800a4d8   Number         0  anon$$obj.o(Region$$Table)
    Region$$Table$$Limit                     0x0800a4f8   Number         0  anon$$obj.o(Region$$Table)
    __ctype                                  0x0800a505   Data           0  lc_ctype_c.o(locale$$data)
    SystemCoreClock                          0x20000000   Data           4  system_stm32f10x.o(.data)
    AHBPrescTable                            0x20000004   Data          16  system_stm32f10x.o(.data)
    UsCount                                  0x20000028   Data           1  delay.o(.data)
    MsCount                                  0x2000002a   Data           2  delay.o(.data)
    led_info                                 0x2000002c   Data           1  led.o(.data)
    temp                                     0x2000002d   Data           1  main.o(.data)
    humi                                     0x2000002e   Data           1  main.o(.data)
    esp8266_cnt                              0x20000032   Data           2  esp8266.o(.data)
    esp8266_cntPre                           0x20000034   Data           2  esp8266.o(.data)
    Hzk                                      0x20000044   Data         640  oled.o(.data)
    devid                                    0x200002c4   Data          16  onenet.o(.bss)
    key                                      0x200002d4   Data          48  onenet.o(.bss)
    esp8266_buf                              0x20000304   Data         512  esp8266.o(.bss)
    __libspace_start                         0x20000504   Data          96  libspace.o(.bss)
    __temporary_stack_top$libspace           0x20000564   Data           0  libspace.o(.bss)



==============================================================================

Memory Map of the image

  Image Entry point : 0x080000ed

  Load Region LR_IROM1 (Base: 0x08000000, Size: 0x0000a8e8, Max: 0x00010000, ABSOLUTE, COMPRESSED[0x0000a728])

    Execution Region ER_IROM1 (Base: 0x08000000, Size: 0x0000a624, Max: 0x00010000, ABSOLUTE)

    Base Addr    Size         Type   Attr      Idx    E Section Name        Object

    0x08000000   0x000000ec   Data   RO          139    RESET               startup_stm32f10x_md.o
    0x080000ec   0x00000008   Code   RO          706  * !!!main             c_w.l(__main.o)
    0x080000f4   0x00000034   Code   RO         1114    !!!scatter          c_w.l(__scatter.o)
    0x08000128   0x0000005a   Code   RO         1112    !!dczerorl2         c_w.l(__dczerorl2.o)
    0x08000182   0x00000002   PAD
    0x08000184   0x0000001c   Code   RO         1116    !!handler_zi        c_w.l(__scatter_zi.o)
    0x080001a0   0x00000000   Code   RO          675    .ARM.Collect$$_printf_percent$$00000000  c_w.l(_printf_percent.o)
    0x080001a0   0x00000006   Code   RO          810    .ARM.Collect$$_printf_percent$$00000001  c_w.l(_printf_n.o)
    0x080001a6   0x00000006   Code   RO          811    .ARM.Collect$$_printf_percent$$00000002  c_w.l(_printf_p.o)
    0x080001ac   0x00000006   Code   RO          673    .ARM.Collect$$_printf_percent$$00000003  c_w.l(_printf_f.o)
    0x080001b2   0x00000006   Code   RO          674    .ARM.Collect$$_printf_percent$$00000004  c_w.l(_printf_e.o)
    0x080001b8   0x00000006   Code   RO          815    .ARM.Collect$$_printf_percent$$00000005  c_w.l(_printf_g.o)
    0x080001be   0x00000006   Code   RO          816    .ARM.Collect$$_printf_percent$$00000006  c_w.l(_printf_a.o)
    0x080001c4   0x0000000a   Code   RO          821    .ARM.Collect$$_printf_percent$$00000007  c_w.l(_printf_ll.o)
    0x080001ce   0x00000006   Code   RO          813    .ARM.Collect$$_printf_percent$$00000008  c_w.l(_printf_i.o)
    0x080001d4   0x00000006   Code   RO          672    .ARM.Collect$$_printf_percent$$00000009  c_w.l(_printf_d.o)
    0x080001da   0x00000006   Code   RO          814    .ARM.Collect$$_printf_percent$$0000000A  c_w.l(_printf_u.o)
    0x080001e0   0x00000006   Code   RO          812    .ARM.Collect$$_printf_percent$$0000000B  c_w.l(_printf_o.o)
    0x080001e6   0x00000006   Code   RO          671    .ARM.Collect$$_printf_percent$$0000000C  c_w.l(_printf_x.o)
    0x080001ec   0x00000006   Code   RO          818    .ARM.Collect$$_printf_percent$$0000000D  c_w.l(_printf_lli.o)
    0x080001f2   0x00000006   Code   RO          819    .ARM.Collect$$_printf_percent$$0000000E  c_w.l(_printf_lld.o)
    0x080001f8   0x00000006   Code   RO          820    .ARM.Collect$$_printf_percent$$0000000F  c_w.l(_printf_llu.o)
    0x080001fe   0x00000006   Code   RO          825    .ARM.Collect$$_printf_percent$$00000010  c_w.l(_printf_llo.o)
    0x08000204   0x00000006   Code   RO          826    .ARM.Collect$$_printf_percent$$00000011  c_w.l(_printf_llx.o)
    0x0800020a   0x0000000a   Code   RO          822    .ARM.Collect$$_printf_percent$$00000012  c_w.l(_printf_l.o)
    0x08000214   0x00000006   Code   RO          809    .ARM.Collect$$_printf_percent$$00000013  c_w.l(_printf_c.o)
    0x0800021a   0x00000006   Code   RO          670    .ARM.Collect$$_printf_percent$$00000014  c_w.l(_printf_s.o)
    0x08000220   0x00000006   Code   RO          823    .ARM.Collect$$_printf_percent$$00000015  c_w.l(_printf_lc.o)
    0x08000226   0x00000006   Code   RO          824    .ARM.Collect$$_printf_percent$$00000016  c_w.l(_printf_ls.o)
    0x0800022c   0x00000004   Code   RO          817    .ARM.Collect$$_printf_percent$$00000017  c_w.l(_printf_percent_end.o)
    0x08000230   0x00000002   Code   RO         1048    .ARM.Collect$$libinit$$00000000  c_w.l(libinit.o)
    0x08000232   0x00000000   Code   RO          836    .ARM.Collect$$libinit$$00000002  c_w.l(libinit2.o)
    0x08000232   0x00000000   Code   RO          838    .ARM.Collect$$libinit$$00000004  c_w.l(libinit2.o)
    0x08000232   0x00000008   Code   RO          839    .ARM.Collect$$libinit$$00000005  c_w.l(libinit2.o)
    0x0800023a   0x00000000   Code   RO          841    .ARM.Collect$$libinit$$0000000A  c_w.l(libinit2.o)
    0x0800023a   0x00000000   Code   RO          843    .ARM.Collect$$libinit$$0000000C  c_w.l(libinit2.o)
    0x0800023a   0x00000000   Code   RO          845    .ARM.Collect$$libinit$$0000000E  c_w.l(libinit2.o)
    0x0800023a   0x00000006   Code   RO          846    .ARM.Collect$$libinit$$0000000F  c_w.l(libinit2.o)
    0x08000240   0x00000000   Code   RO          848    .ARM.Collect$$libinit$$00000011  c_w.l(libinit2.o)
    0x08000240   0x0000000c   Code   RO          849    .ARM.Collect$$libinit$$00000012  c_w.l(libinit2.o)
    0x0800024c   0x00000000   Code   RO          850    .ARM.Collect$$libinit$$00000013  c_w.l(libinit2.o)
    0x0800024c   0x00000000   Code   RO          852    .ARM.Collect$$libinit$$00000015  c_w.l(libinit2.o)
    0x0800024c   0x0000000a   Code   RO          853    .ARM.Collect$$libinit$$00000016  c_w.l(libinit2.o)
    0x08000256   0x00000000   Code   RO          854    .ARM.Collect$$libinit$$00000017  c_w.l(libinit2.o)
    0x08000256   0x00000000   Code   RO          856    .ARM.Collect$$libinit$$00000019  c_w.l(libinit2.o)
    0x08000256   0x00000000   Code   RO          858    .ARM.Collect$$libinit$$0000001B  c_w.l(libinit2.o)
    0x08000256   0x00000000   Code   RO          860    .ARM.Collect$$libinit$$0000001D  c_w.l(libinit2.o)
    0x08000256   0x00000000   Code   RO          862    .ARM.Collect$$libinit$$0000001F  c_w.l(libinit2.o)
    0x08000256   0x00000000   Code   RO          864    .ARM.Collect$$libinit$$00000021  c_w.l(libinit2.o)
    0x08000256   0x00000000   Code   RO          866    .ARM.Collect$$libinit$$00000023  c_w.l(libinit2.o)
    0x08000256   0x00000000   Code   RO          868    .ARM.Collect$$libinit$$00000025  c_w.l(libinit2.o)
    0x08000256   0x00000000   Code   RO          872    .ARM.Collect$$libinit$$0000002C  c_w.l(libinit2.o)
    0x08000256   0x00000000   Code   RO          874    .ARM.Collect$$libinit$$0000002E  c_w.l(libinit2.o)
    0x08000256   0x00000000   Code   RO          876    .ARM.Collect$$libinit$$00000030  c_w.l(libinit2.o)
    0x08000256   0x00000000   Code   RO          878    .ARM.Collect$$libinit$$00000032  c_w.l(libinit2.o)
    0x08000256   0x00000002   Code   RO          879    .ARM.Collect$$libinit$$00000033  c_w.l(libinit2.o)
    0x08000258   0x00000002   Code   RO         1109    .ARM.Collect$$libshutdown$$00000000  c_w.l(libshutdown.o)
    0x0800025a   0x00000000   Code   RO         1065    .ARM.Collect$$libshutdown$$00000003  c_w.l(libshutdown2.o)
    0x0800025a   0x00000000   Code   RO         1068    .ARM.Collect$$libshutdown$$00000006  c_w.l(libshutdown2.o)
    0x0800025a   0x00000000   Code   RO         1071    .ARM.Collect$$libshutdown$$00000009  c_w.l(libshutdown2.o)
    0x0800025a   0x00000000   Code   RO         1073    .ARM.Collect$$libshutdown$$0000000B  c_w.l(libshutdown2.o)
    0x0800025a   0x00000000   Code   RO         1076    .ARM.Collect$$libshutdown$$0000000E  c_w.l(libshutdown2.o)
    0x0800025a   0x00000002   Code   RO         1077    .ARM.Collect$$libshutdown$$0000000F  c_w.l(libshutdown2.o)
    0x0800025c   0x00000000   Code   RO          752    .ARM.Collect$$rtentry$$00000000  c_w.l(__rtentry.o)
    0x0800025c   0x00000000   Code   RO          928    .ARM.Collect$$rtentry$$00000002  c_w.l(__rtentry2.o)
    0x0800025c   0x00000006   Code   RO          940    .ARM.Collect$$rtentry$$00000004  c_w.l(__rtentry4.o)
    0x08000262   0x00000000   Code   RO          930    .ARM.Collect$$rtentry$$00000009  c_w.l(__rtentry2.o)
    0x08000262   0x00000004   Code   RO          931    .ARM.Collect$$rtentry$$0000000A  c_w.l(__rtentry2.o)
    0x08000266   0x00000000   Code   RO          933    .ARM.Collect$$rtentry$$0000000C  c_w.l(__rtentry2.o)
    0x08000266   0x00000008   Code   RO          934    .ARM.Collect$$rtentry$$0000000D  c_w.l(__rtentry2.o)
    0x0800026e   0x00000002   Code   RO         1053    .ARM.Collect$$rtexit$$00000000  c_w.l(rtexit.o)
    0x08000270   0x00000000   Code   RO         1083    .ARM.Collect$$rtexit$$00000002  c_w.l(rtexit2.o)
    0x08000270   0x00000004   Code   RO         1084    .ARM.Collect$$rtexit$$00000003  c_w.l(rtexit2.o)
    0x08000274   0x00000006   Code   RO         1085    .ARM.Collect$$rtexit$$00000004  c_w.l(rtexit2.o)
    0x0800027a   0x00000002   PAD
    0x0800027c   0x00000000   Code   RO          954    .emb_text           c_w.l(maybetermalloc1.o)
    0x0800027c   0x00000134   Code   RO           17    .text               stm32f10x_it.o
    0x080003b0   0x000001e0   Code   RO          119    .text               system_stm32f10x.o
    0x08000590   0x00000040   Code   RO          140    .text               startup_stm32f10x_md.o
    0x080005d0   0x000000dc   Code   RO          144    .text               misc.o
    0x080006ac   0x0000035c   Code   RO          182    .text               stm32f10x_gpio.o
    0x08000a08   0x000003a4   Code   RO          194    .text               stm32f10x_rcc.o
    0x08000dac   0x00000408   Code   RO          208    .text               stm32f10x_usart.o
    0x080011b4   0x0000011c   Code   RO          220    .text               stm32f10x_exti.o
    0x080012d0   0x000000f4   Code   RO          232    .text               delay.o
    0x080013c4   0x000001e8   Code   RO          250    .text               usart.o
    0x080015ac   0x0000004c   Code   RO          272    .text               led.o
    0x080015f8   0x000000a8   Code   RO          290    .text               key.o
    0x080016a0   0x000001a0   Code   RO          309    .text               dht11.o
    0x08001840   0x00000290   Code   RO          324    .text               main.o
    0x08001ad0   0x00000a84   Code   RO          354    .text               onenet.o
    0x08002554   0x00000486   Code   RO          400    .text               hmac_sha1.o
    0x080029da   0x00000002   PAD
    0x080029dc   0x000002b0   Code   RO          419    .text               base64.o
    0x08002c8c   0x00000e08   Code   RO          440    .text               mqttkit.o
    0x08003a94   0x000002c8   Code   RO          468    .text               esp8266.o
    0x08003d5c   0x00001a80   Code   RO          488    .text               cjson.o
    0x080057dc   0x000005d4   Code   RO          523    .text               oled.o
    0x08005db0   0x0000005e   Code   RO          551    .text               c_w.l(h1_alloc.o)
    0x08005e0e   0x0000004e   Code   RO          553    .text               c_w.l(h1_free.o)
    0x08005e5c   0x0000001a   Code   RO          609    .text               c_w.l(tolower.o)
    0x08005e76   0x00000002   PAD
    0x08005e78   0x00000034   Code   RO          611    .text               c_w.l(c89vsnprintf.o)
    0x08005eac   0x0000002c   Code   RO          613    .text               c_w.l(__2sprintf.o)
    0x08005ed8   0x00000038   Code   RO          615    .text               c_w.l(__2snprintf.o)
    0x08005f10   0x0000004e   Code   RO          623    .text               c_w.l(_printf_pad.o)
    0x08005f5e   0x00000052   Code   RO          625    .text               c_w.l(_printf_str.o)
    0x08005fb0   0x00000078   Code   RO          627    .text               c_w.l(_printf_dec.o)
    0x08006028   0x00000094   Code   RO          647    .text               c_w.l(_printf_hex_int_ll_ptr.o)
    0x080060bc   0x00000188   Code   RO          667    .text               c_w.l(__printf_flags_ss_wp.o)
    0x08006244   0x0000003c   Code   RO          676    .text               c_w.l(__0sscanf.o)
    0x08006280   0x0000014c   Code   RO          678    .text               c_w.l(_scanf_int.o)
    0x080063cc   0x000000e0   Code   RO          680    .text               c_w.l(_scanf_str.o)
    0x080064ac   0x00000014   Code   RO          682    .text               c_w.l(strchr.o)
    0x080064c0   0x00000024   Code   RO          684    .text               c_w.l(strncat.o)
    0x080064e4   0x00000024   Code   RO          686    .text               c_w.l(strstr.o)
    0x08006508   0x00000048   Code   RO          688    .text               c_w.l(strcpy.o)
    0x08006550   0x0000003e   Code   RO          690    .text               c_w.l(strlen.o)
    0x0800658e   0x00000096   Code   RO          692    .text               c_w.l(strncmp.o)
    0x08006624   0x00000018   Code   RO          694    .text               c_w.l(strcat.o)
    0x0800663c   0x0000008a   Code   RO          696    .text               c_w.l(rt_memcpy_v6.o)
    0x080066c6   0x00000064   Code   RO          698    .text               c_w.l(rt_memcpy_w.o)
    0x0800672a   0x00000044   Code   RO          700    .text               c_w.l(rt_memclr.o)
    0x0800676e   0x0000004e   Code   RO          702    .text               c_w.l(rt_memclr_w.o)
    0x080067bc   0x00000006   Code   RO          704    .text               c_w.l(heapauxi.o)
    0x080067c2   0x00000002   PAD
    0x080067c4   0x00000010   Code   RO          753    .text               c_w.l(rt_ctype_table.o)
    0x080067d4   0x00000008   Code   RO          758    .text               c_w.l(rt_heap_descriptor_intlibspace.o)
    0x080067dc   0x00000004   Code   RO          760    .text               c_w.l(hguard.o)
    0x080067e0   0x0000008a   Code   RO          762    .text               c_w.l(init_alloc.o)
    0x0800686a   0x0000000e   Code   RO          766    .text               c_w.l(h1_init.o)
    0x08006878   0x00000016   Code   RO          780    .text               c_w.l(_rserrno.o)
    0x0800688e   0x00000024   Code   RO          782    .text               c_w.l(_printf_truncate.o)
    0x080068b2   0x000000b2   Code   RO          784    .text               c_w.l(_printf_intcommon.o)
    0x08006964   0x00000028   Code   RO          786    .text               c_w.l(_printf_charcount.o)
    0x0800698c   0x0000041a   Code   RO          788    .text               c_w.l(_printf_fp_dec.o)
    0x08006da6   0x00000002   PAD
    0x08006da8   0x00000030   Code   RO          790    .text               c_w.l(_printf_char_common.o)
    0x08006dd8   0x0000000a   Code   RO          792    .text               c_w.l(_sputc.o)
    0x08006de2   0x00000010   Code   RO          794    .text               c_w.l(_snputc.o)
    0x08006df2   0x0000002c   Code   RO          796    .text               c_w.l(_printf_char.o)
    0x08006e1e   0x00000002   PAD
    0x08006e20   0x000000bc   Code   RO          798    .text               c_w.l(_printf_wctomb.o)
    0x08006edc   0x0000007c   Code   RO          801    .text               c_w.l(_printf_longlong_dec.o)
    0x08006f58   0x00000070   Code   RO          807    .text               c_w.l(_printf_oct_int_ll.o)
    0x08006fc8   0x0000001c   Code   RO          827    .text               c_w.l(_chval.o)
    0x08006fe4   0x0000002c   Code   RO          829    .text               c_w.l(scanf_char.o)
    0x08007010   0x00000040   Code   RO          831    .text               c_w.l(_sgetc.o)
    0x08007050   0x00000008   Code   RO          924    .text               c_w.l(libspace.o)
    0x08007058   0x00000008   Code   RO          945    .text               c_w.l(rt_locale_intlibspace.o)
    0x08007060   0x00000008   Code   RO          950    .text               c_w.l(rt_errno_addr_intlibspace.o)
    0x08007068   0x00000034   Code   RO          956    .text               c_w.l(h1_extend.o)
    0x0800709c   0x0000008a   Code   RO          960    .text               c_w.l(lludiv10.o)
    0x08007126   0x00000012   Code   RO          962    .text               c_w.l(isspace.o)
    0x08007138   0x00000080   Code   RO          964    .text               c_w.l(_printf_fp_infnan.o)
    0x080071b8   0x0000002c   Code   RO          968    .text               c_w.l(_printf_wchar.o)
    0x080071e4   0x00000374   Code   RO          970    .text               c_w.l(_scanf.o)
    0x08007558   0x000000dc   Code   RO          972    .text               c_w.l(bigflt0.o)
    0x08007634   0x00000040   Code   RO          997    .text               c_w.l(_wcrtomb.o)
    0x08007674   0x0000000e   Code   RO         1005    .text               c_w.l(defsig_rtmem_outer.o)
    0x08007682   0x00000002   Code   RO         1022    .text               c_w.l(use_no_semi.o)
    0x08007684   0x00000000   Code   RO         1024    .text               c_w.l(indicate_semi.o)
    0x08007684   0x0000004a   Code   RO         1025    .text               c_w.l(sys_stackheap_outer.o)
    0x080076ce   0x0000000c   Code   RO         1031    .text               c_w.l(exit.o)
    0x080076da   0x0000000a   Code   RO         1033    .text               c_w.l(defsig_exit.o)
    0x080076e4   0x00000050   Code   RO         1035    .text               c_w.l(defsig_rtmem_inner.o)
    0x08007734   0x00000080   Code   RO         1037    .text               c_w.l(strcmpv7m.o)
    0x080077b4   0x0000000c   Code   RO         1051    .text               c_w.l(sys_exit.o)
    0x080077c0   0x00000032   Code   RO         1061    .text               c_w.l(defsig_general.o)
    0x080077f2   0x0000000e   Code   RO         1080    .text               c_w.l(sys_wrch.o)
    0x08007800   0x0000003e   Code   RO          975    CL$$btod_d2e        c_w.l(btod.o)
    0x0800783e   0x00000046   Code   RO          977    CL$$btod_d2e_denorm_low  c_w.l(btod.o)
    0x08007884   0x00000060   Code   RO          976    CL$$btod_d2e_norm_op1  c_w.l(btod.o)
    0x080078e4   0x00000338   Code   RO          985    CL$$btod_div_common  c_w.l(btod.o)
    0x08007c1c   0x000000c6   Code   RO          982    CL$$btod_e2e        c_w.l(btod.o)
    0x08007ce2   0x00000028   Code   RO          979    CL$$btod_ediv       c_w.l(btod.o)
    0x08007d0a   0x00000028   Code   RO          978    CL$$btod_emul       c_w.l(btod.o)
    0x08007d32   0x00000244   Code   RO          984    CL$$btod_mult_common  c_w.l(btod.o)
    0x08007f76   0x00000028   Code   RO          909    i.__ARM_fpclassify  m_ws.l(fpclassify.o)
    0x08007f9e   0x000000aa   Code   RO          911    i.__kernel_poly     m_ws.l(poly.o)
    0x08008048   0x00000010   Code   RO          895    i.__mathlib_dbl_divzero  m_ws.l(dunder.o)
    0x08008058   0x00000004   Code   RO          897    i.__mathlib_dbl_infnan2  m_ws.l(dunder.o)
    0x0800805c   0x0000000c   Code   RO          898    i.__mathlib_dbl_invalid  m_ws.l(dunder.o)
    0x08008068   0x0000000e   Code   RO          899    i.__mathlib_dbl_overflow  m_ws.l(dunder.o)
    0x08008076   0x00000002   PAD
    0x08008078   0x00000010   Code   RO          901    i.__mathlib_dbl_underflow  m_ws.l(dunder.o)
    0x08008088   0x0000000e   Code   RO          660    i._is_digit         c_w.l(__printf_wp.o)
    0x08008096   0x00000002   PAD
    0x08008098   0x000000dc   Code   RO          737    i.floor             m_ws.l(floor.o)
    0x08008174   0x000009b8   Code   RO          741    i.pow               m_ws.l(pow.o)
    0x08008b2c   0x0000004c   Code   RO          915    i.sqrt              m_ws.l(sqrt.o)
    0x08008b78   0x0000002c   Code   RO         1000    locale$$code        c_w.l(lc_ctype_c.o)
    0x08008ba4   0x0000002c   Code   RO         1003    locale$$code        c_w.l(lc_numeric_c.o)
    0x08008bd0   0x00000150   Code   RO          708    x$fpl$dadd          fz_ws.l(daddsub_clz.o)
    0x08008d20   0x00000010   Code   RO         1014    x$fpl$dcheck1       fz_ws.l(dcheck1.o)
    0x08008d30   0x00000018   Code   RO          880    x$fpl$dcmpinf       fz_ws.l(dcmpi.o)
    0x08008d48   0x000002b0   Code   RO          883    x$fpl$ddiv          fz_ws.l(ddiv.o)
    0x08008ff8   0x00000078   Code   RO          714    x$fpl$deqf          fz_ws.l(deqf.o)
    0x08009070   0x0000005e   Code   RO          716    x$fpl$dfix          fz_ws.l(dfix.o)
    0x080090ce   0x0000002e   Code   RO          721    x$fpl$dflt          fz_ws.l(dflt_clz.o)
    0x080090fc   0x00000078   Code   RO          726    x$fpl$dleqf         fz_ws.l(dleqf.o)
    0x08009174   0x00000154   Code   RO          728    x$fpl$dmul          fz_ws.l(dmul.o)
    0x080092c8   0x0000009c   Code   RO          886    x$fpl$dnaninf       fz_ws.l(dnaninf.o)
    0x08009364   0x0000000c   Code   RO          888    x$fpl$dretinf       fz_ws.l(dretinf.o)
    0x08009370   0x0000006c   Code   RO          730    x$fpl$drleqf        fz_ws.l(drleqf.o)
    0x080093dc   0x00000016   Code   RO          709    x$fpl$drsb          fz_ws.l(daddsub_clz.o)
    0x080093f2   0x00000002   PAD
    0x080093f4   0x000001cc   Code   RO         1016    x$fpl$dsqrt         fz_ws.l(dsqrt_noumaal.o)
    0x080095c0   0x000001d4   Code   RO          710    x$fpl$dsub          fz_ws.l(daddsub_clz.o)
    0x08009794   0x00000056   Code   RO          732    x$fpl$f2d           fz_ws.l(f2d.o)
    0x080097ea   0x0000008c   Code   RO          890    x$fpl$fnaninf       fz_ws.l(fnaninf.o)
    0x08009876   0x00000004   Code   RO          734    x$fpl$printf1       fz_ws.l(printf1.o)
    0x0800987a   0x00000064   Code   RO         1049    x$fpl$retnan        fz_ws.l(retnan.o)
    0x080098de   0x0000005c   Code   RO          892    x$fpl$scalbn        fz_ws.l(scalbn.o)
    0x0800993a   0x00000030   Code   RO         1078    x$fpl$trapveneer    fz_ws.l(trapv.o)
    0x0800996a   0x00000000   Code   RO          894    x$fpl$usenofp       fz_ws.l(usenofp.o)
    0x0800996a   0x000000c0   Data   RO          420    .constdata          base64.o
    0x08009a2a   0x00000007   Data   RO          489    .constdata          cjson.o
    0x08009a31   0x00000818   Data   RO          524    .constdata          oled.o
    0x0800a249   0x00000028   Data   RO          648    .constdata          c_w.l(_printf_hex_int_ll_ptr.o)
    0x0800a271   0x00000011   Data   RO          668    .constdata          c_w.l(__printf_flags_ss_wp.o)
    0x0800a282   0x00000006   PAD
    0x0800a288   0x00000088   Data   RO          742    .constdata          m_ws.l(pow.o)
    0x0800a310   0x00000008   Data   RO          799    .constdata          c_w.l(_printf_wctomb.o)
    0x0800a318   0x00000008   Data   RO          913    .constdata          m_ws.l(qnan.o)
    0x0800a320   0x00000094   Data   RO          973    .constdata          c_w.l(bigflt0.o)
    0x0800a3b4   0x00000123   Data   RO          356    .conststring        onenet.o
    0x0800a4d7   0x00000001   PAD
    0x0800a4d8   0x00000020   Data   RO         1110    Region$$Table       anon$$obj.o
    0x0800a4f8   0x00000110   Data   RO          999    locale$$data        c_w.l(lc_ctype_c.o)
    0x0800a608   0x0000001c   Data   RO         1002    locale$$data        c_w.l(lc_numeric_c.o)


    Execution Region RW_IRAM1 (Base: 0x20000000, Size: 0x00000f68, Max: 0x00005000, ABSOLUTE, COMPRESSED[0x00000104])

    Base Addr    Size         Type   Attr      Idx    E Section Name        Object

    0x20000000   0x00000014   Data   RW          120    .data               system_stm32f10x.o
    0x20000014   0x00000014   Data   RW          195    .data               stm32f10x_rcc.o
    0x20000028   0x00000004   Data   RW          233    .data               delay.o
    0x2000002c   0x00000001   Data   RW          273    .data               led.o
    0x2000002d   0x00000002   Data   RW          325    .data               main.o
    0x2000002f   0x00000001   PAD
    0x20000030   0x00000002   Data   RW          357    .data               onenet.o
    0x20000032   0x00000004   Data   RW          470    .data               esp8266.o
    0x20000036   0x00000002   PAD
    0x20000038   0x0000000c   Data   RW          490    .data               cjson.o
    0x20000044   0x00000280   Data   RW          525    .data               oled.o
    0x200002c4   0x00000040   Zero   RW          355    .bss                onenet.o
    0x20000304   0x00000200   Zero   RW          469    .bss                esp8266.o
    0x20000504   0x00000060   Zero   RW          925    .bss                c_w.l(libspace.o)
    0x20000564   0x00000004   PAD
    0x20000568   0x00000200   Zero   RW          138    HEAP                startup_stm32f10x_md.o
    0x20000768   0x00000800   Zero   RW          137    STACK               startup_stm32f10x_md.o


==============================================================================

Image component sizes


      Code (inc. data)   RO Data    RW Data    ZI Data      Debug   Object Name

       688          8        192          0          0       2978   base64.o
      6784        208          7         12          0      23080   cjson.o
         0          0          0          0          0       4528   core_cm3.o
       244         10          0          4          0       1396   delay.o
       416          4          0          0          0       2034   dht11.o
       712        222          0          4        512       2815   esp8266.o
      1158         28          0          0          0       3060   hmac_sha1.o
       168         10          0          0          0        688   key.o
        76          8          0          1          0       1102   led.o
       656        182          0          2          0       1327   main.o
       220         22          0          0          0     207081   misc.o
      3592         74          0          0          0      14491   mqttkit.o
      1492         24       2072        640          0       6287   oled.o
      2692       1034        291          2         64       8884   onenet.o
        64         26        236          0       2560        784   startup_stm32f10x_md.o
       284         10          0          0          0       2111   stm32f10x_exti.o
       860         38          0          0          0       5525   stm32f10x_gpio.o
       308        248          0          0          0      24363   stm32f10x_it.o
       932         36          0         20          0       8656   stm32f10x_rcc.o
      1032         22          0          0          0       8248   stm32f10x_usart.o
       480         38          0         20          0       1679   system_stm32f10x.o
       488         14          0          0          0       3161   usart.o

    ----------------------------------------------------------------------
     23348       2266       2831        708       3136     334278   Object Totals
         0          0         32          0          0          0   (incl. Generated)
         2          0          1          3          0          0   (incl. Padding)

    ----------------------------------------------------------------------

      Code (inc. data)   RO Data    RW Data    ZI Data      Debug   Library Member Name

        60          8          0          0          0         84   __0sscanf.o
        56          6          0          0          0         88   __2snprintf.o
        44          6          0          0          0         84   __2sprintf.o
        90          0          0          0          0          0   __dczerorl2.o
         8          0          0          0          0         68   __main.o
       392          4         17          0          0         92   __printf_flags_ss_wp.o
        14          0          0          0          0         68   __printf_wp.o
         0          0          0          0          0          0   __rtentry.o
        12          0          0          0          0          0   __rtentry2.o
         6          0          0          0          0          0   __rtentry4.o
        52          8          0          0          0          0   __scatter.o
        28          0          0          0          0          0   __scatter_zi.o
        28          0          0          0          0         68   _chval.o
         6          0          0          0          0          0   _printf_a.o
         6          0          0          0          0          0   _printf_c.o
        44          0          0          0          0        108   _printf_char.o
        48          6          0          0          0         96   _printf_char_common.o
        40          0          0          0          0         68   _printf_charcount.o
         6          0          0          0          0          0   _printf_d.o
       120         16          0          0          0         92   _printf_dec.o
         6          0          0          0          0          0   _printf_e.o
         6          0          0          0          0          0   _printf_f.o
      1050          0          0          0          0        216   _printf_fp_dec.o
       128         16          0          0          0         84   _printf_fp_infnan.o
         6          0          0          0          0          0   _printf_g.o
       148          4         40          0          0        160   _printf_hex_int_ll_ptr.o
         6          0          0          0          0          0   _printf_i.o
       178          0          0          0          0         88   _printf_intcommon.o
        10          0          0          0          0          0   _printf_l.o
         6          0          0          0          0          0   _printf_lc.o
        10          0          0          0          0          0   _printf_ll.o
         6          0          0          0          0          0   _printf_lld.o
         6          0          0          0          0          0   _printf_lli.o
         6          0          0          0          0          0   _printf_llo.o
         6          0          0          0          0          0   _printf_llu.o
         6          0          0          0          0          0   _printf_llx.o
       124         16          0          0          0         92   _printf_longlong_dec.o
         6          0          0          0          0          0   _printf_ls.o
         6          0          0          0          0          0   _printf_n.o
         6          0          0          0          0          0   _printf_o.o
       112          8          0          0          0        124   _printf_oct_int_ll.o
         6          0          0          0          0          0   _printf_p.o
        78          0          0          0          0        108   _printf_pad.o
         0          0          0          0          0          0   _printf_percent.o
         4          0          0          0          0          0   _printf_percent_end.o
         6          0          0          0          0          0   _printf_s.o
        82          0          0          0          0         80   _printf_str.o
        36          0          0          0          0         84   _printf_truncate.o
         6          0          0          0          0          0   _printf_u.o
        44          0          0          0          0        108   _printf_wchar.o
       188          6          8          0          0         92   _printf_wctomb.o
         6          0          0          0          0          0   _printf_x.o
        22          0          0          0          0        100   _rserrno.o
       884          6          0          0          0        100   _scanf.o
       332          0          0          0          0         96   _scanf_int.o
       224          0          0          0          0         96   _scanf_str.o
        64          0          0          0          0         84   _sgetc.o
        16          0          0          0          0         68   _snputc.o
        10          0          0          0          0         68   _sputc.o
        64          0          0          0          0         92   _wcrtomb.o
       220          4        148          0          0         96   bigflt0.o
      1910        128          0          0          0        672   btod.o
        52          4          0          0          0         80   c89vsnprintf.o
        10          0          0          0          0         68   defsig_exit.o
        50          0          0          0          0         88   defsig_general.o
        80         58          0          0          0         76   defsig_rtmem_inner.o
        14          0          0          0          0         80   defsig_rtmem_outer.o
        12          0          0          0          0         72   exit.o
        94          0          0          0          0         80   h1_alloc.o
        52          0          0          0          0         68   h1_extend.o
        78          0          0          0          0         80   h1_free.o
        14          0          0          0          0         84   h1_init.o
         6          0          0          0          0        152   heapauxi.o
         4          0          0          0          0        136   hguard.o
         0          0          0          0          0          0   indicate_semi.o
       138          0          0          0          0        168   init_alloc.o
        18          0          0          0          0         76   isspace.o
        44         10        272          0          0         76   lc_ctype_c.o
        44         10         28          0          0         76   lc_numeric_c.o
         2          0          0          0          0          0   libinit.o
        38          0          0          0          0          0   libinit2.o
         2          0          0          0          0          0   libshutdown.o
         2          0          0          0          0          0   libshutdown2.o
         8          4          0          0         96         68   libspace.o
       138          0          0          0          0         80   lludiv10.o
         0          0          0          0          0          0   maybetermalloc1.o
        16          4          0          0          0         76   rt_ctype_table.o
         8          4          0          0          0         68   rt_errno_addr_intlibspace.o
         8          4          0          0          0         68   rt_heap_descriptor_intlibspace.o
         8          4          0          0          0         68   rt_locale_intlibspace.o
        68          0          0          0          0         68   rt_memclr.o
        78          0          0          0          0         80   rt_memclr_w.o
       138          0          0          0          0         68   rt_memcpy_v6.o
       100          0          0          0          0         80   rt_memcpy_w.o
         2          0          0          0          0          0   rtexit.o
        10          0          0          0          0          0   rtexit2.o
        44          8          0          0          0         84   scanf_char.o
        24          0          0          0          0         68   strcat.o
        20          0          0          0          0         68   strchr.o
       128          0          0          0          0         68   strcmpv7m.o
        72          0          0          0          0         80   strcpy.o
        62          0          0          0          0         76   strlen.o
        36          0          0          0          0         76   strncat.o
       150          0          0          0          0         80   strncmp.o
        36          0          0          0          0         80   strstr.o
        12          4          0          0          0         68   sys_exit.o
        74          0          0          0          0         80   sys_stackheap_outer.o
        14          0          0          0          0         76   sys_wrch.o
        26          0          0          0          0         76   tolower.o
         2          0          0          0          0         68   use_no_semi.o
       826         16          0          0          0        348   daddsub_clz.o
        16          4          0          0          0         68   dcheck1.o
        24          0          0          0          0         68   dcmpi.o
       688        140          0          0          0        208   ddiv.o
       120          4          0          0          0         92   deqf.o
        94          4          0          0          0         92   dfix.o
        46          0          0          0          0         68   dflt_clz.o
       120          4          0          0          0         92   dleqf.o
       340         12          0          0          0        104   dmul.o
       156          4          0          0          0         92   dnaninf.o
        12          0          0          0          0         68   dretinf.o
       108          0          0          0          0         80   drleqf.o
       460         56          0          0          0        120   dsqrt_noumaal.o
        86          4          0          0          0         84   f2d.o
       140          4          0          0          0         84   fnaninf.o
         4          0          0          0          0         68   printf1.o
       100          0          0          0          0         68   retnan.o
        92          0          0          0          0         68   scalbn.o
        48          0          0          0          0         68   trapv.o
         0          0          0          0          0          0   usenofp.o
        62         10          0          0          0        340   dunder.o
       220         16          0          0          0         84   floor.o
        40          0          0          0          0         68   fpclassify.o
       170          0          0          0          0         96   poly.o
      2488        190        136          0          0        300   pow.o
         0          0          8          0          0          0   qnan.o
        76          0          0          0          0         84   sqrt.o

    ----------------------------------------------------------------------
     15690        824        663          0        100       9768   Library Totals
        18          0          6          0          4          0   (incl. Padding)

    ----------------------------------------------------------------------

      Code (inc. data)   RO Data    RW Data    ZI Data      Debug   Library Name

      9136        356        513          0         96       6856   c_w.l
      3480        252          0          0          0       1940   fz_ws.l
      3056        216        144          0          0        972   m_ws.l

    ----------------------------------------------------------------------
     15690        824        663          0        100       9768   Library Totals

    ----------------------------------------------------------------------

==============================================================================


      Code (inc. data)   RO Data    RW Data    ZI Data      Debug   

     39038       3090       3494        708       3236     336658   Grand Totals
     39038       3090       3494        260       3236     336658   ELF Image Totals (compressed)
     39038       3090       3494        260          0          0   ROM Totals

==============================================================================

    Total RO  Size (Code + RO Data)                42532 (  41.54kB)
    Total RW  Size (RW Data + ZI Data)              3944 (   3.85kB)
    Total ROM Size (Code + RO Data + RW Data)      42792 (  41.79kB)

==============================================================================

